Drawing 1000 joint samples (seed=20260424); evaluating draws [0:1000); workers=1.
  100/1000  elapsed=69s  eta=623s
  200/1000  elapsed=141s  eta=562s
  300/1000  elapsed=217s  eta=507s
  400/1000  elapsed=289s  eta=434s
  500/1000  elapsed=368s  eta=368s
  600/1000  elapsed=446s  eta=297s
  700/1000  elapsed=522s  eta=224s
  800/1000  elapsed=592s  eta=148s
  900/1000  elapsed=663s  eta=74s
  1000/1000  elapsed=736s  eta=0s
Completed 1000 draws in 736s (0.74s/draw).

Monte Carlo ensemble — Wallenstein-Manning coupled model
======================================================================

Per-region year-1 yield loss (%) at three SOC levels
----------------------------------------------------------------------
Region                     SOC%    median        5%       95%
north_america                50     2.12%     1.06%     3.73%
north_america               100     1.46%     0.64%     2.88%
north_america               150     1.04%     0.40%     2.35%
europe                       50     2.68%     1.41%     4.60%
europe                      100     2.40%     1.22%     4.19%
europe                      150     2.14%     1.03%     3.84%
east_asia                    50     1.40%     0.56%     3.05%
east_asia                   100     1.06%     0.38%     2.49%
east_asia                   150     0.81%     0.26%     2.04%
south_asia                   50     3.01%     1.50%     5.18%
south_asia                  100     2.86%     1.41%     4.98%
south_asia                  150     2.72%     1.32%     4.79%
southeast_asia               50     4.69%     2.31%     8.23%
southeast_asia              100     2.98%     1.24%     6.14%
southeast_asia              150     1.93%     0.67%     4.77%
latin_america                50     1.98%     0.93%     3.75%
latin_america               100     1.52%     0.65%     3.24%
latin_america               150     1.18%     0.45%     2.79%
sub_saharan_africa           50     4.00%     2.24%     6.36%
sub_saharan_africa          100     3.35%     1.76%     5.52%
sub_saharan_africa          150     2.84%     1.44%     5.01%
fsu_central_asia             50     5.19%     2.81%     8.57%
fsu_central_asia            100     4.19%     2.14%     7.35%
fsu_central_asia            150     3.44%     1.65%     6.45%

Year-1 revenue-net-of-N-expenditure change (%) at SOC=100%
----------------------------------------------------------------------
north_america                     -0.95%    -3.81%     4.42%
south_asia                        -6.81%   -12.61%    -1.89%
latin_america                     -1.40%    -3.21%     1.55%
sub_saharan_africa                -0.14%    -1.93%     3.21%

Probability statements
----------------------------------------------------------------------
  P(low-SOC yield loss > high-SOC yield loss | north_america)               1.000  (n=1000)
  P(low-SOC yield loss > high-SOC yield loss | europe)                      1.000  (n=1000)
  P(low-SOC yield loss > high-SOC yield loss | east_asia)                   1.000  (n=1000)
  P(low-SOC yield loss > high-SOC yield loss | south_asia)                  1.000  (n=1000)
  P(low-SOC yield loss > high-SOC yield loss | southeast_asia)              1.000  (n=1000)
  P(low-SOC yield loss > high-SOC yield loss | latin_america)               1.000  (n=1000)
  P(low-SOC yield loss > high-SOC yield loss | sub_saharan_africa)          1.000  (n=1000)
  P(low-SOC yield loss > high-SOC yield loss | fsu_central_asia)            1.000  (n=1000)
  P(high-SOC net-N-expenditure revenue > low-SOC | north_america)           1.000  (n=1000)
  P(high-SOC net-N-expenditure revenue > low-SOC | south_asia)              1.000  (n=1000)
  P(high-SOC net-N-expenditure revenue > low-SOC | latin_america)           1.000  (n=1000)
  P(high-SOC net-N-expenditure revenue > low-SOC | sub_saharan_africa)      1.000  (n=1000)
  P(SSA = highest year-1 yield loss across all 8 regions, SOC=100%)         0.000  (n=1000)
  P(SSA = worst year-1 net-N-expenditure revenue across 4 priced regions, SOC=100%)    0.000  (n=1000)
  P(soil-N buffer ratio > 1 ppt in EVERY region simultaneously)             0.000  (n=1000)
  Median across-region buffer (ppt yield, low - high SOC), median across draws    0.883  (n=1000)
  Global area-weighted year-1 yield loss at SOC=100% (median % loss)        2.509  (n=1000)
  Global area-weighted year-1 yield loss at SOC=100% (5%-95%, ppt)          3.260  (n=1000)

Written:
  /tmp/repo19/data/mc_ensemble/mc_posterior.csv.gz
  /tmp/repo19/data/mc_ensemble/mc_summary.csv
  /tmp/repo19/data/mc_ensemble/mc_probabilities.csv
  /tmp/repo19/data/mc_ensemble/mc_summary.txt
  /tmp/repo19/data/mc_ensemble/mc_priors.json
