code/tests/test_seam_contracts.py                         ok
code/tests/test_calibration_fingerprint.py                ok
code/tests/test_claims.py                                 ok
code/repro/test_parameter_boundaries_sol.py               ok
code/repro/test_dimensional_consistency_sol.py            ok
code/repro/test_zero_shock_invariance.py                  ok
code/repro/test_full_zero_shock_sol.py                    ok
code/repro/test_cap_market_clearing.py                    ok
code/repro/test_mc_robustness_sol.py                      ok
code/tests/test_benchmark_baseline.py                     ok
code/tests/test_spinup_partition_independence.py          ok
code/tests/test_wp1_registry_wiring.py                    ok
code/tests/test_soc_trajectories.py                       ok
code/tests/test_supply_state.py                           ok
code/repro/test_parameter_extremes_sol.py                 ok

FAIL  STALE figure_s8: input changed: data/figS8_curves.json
FAIL  STALE claims_report: input changed: docs/claims.yaml; output changed since stamp: outputs/claims_status.csv; output changed since stamp: results/claims_report.md
FAIL  STALE claim_strength: input changed: docs/claims.yaml

build graph: 3 defects
make: *** [Makefile:122: verify] Error 1
