[baseline] building reference sandbox (56 leaves, 8 jobs)
[baseline] 267 model-state fields, 107 published fields
[baseline] 8 tests green, 4 excluded as already red:
           test_wp1_registry_wiring.py  (rc=1)
           test_cross_document_consistency_sol.py  (rc=1)
           test_parameter_consistency_sol.py  (rc=1)
           test_parameter_extremes_sol.py  (rc=1)
  [ 1/56] cre_allocation.cre_to_active                 GUARDED_AT_LOAD
  [ 2/56] cre_allocation.cre_to_slow                   GUARDED_AT_LOAD
  [ 3/56] bnf_ramp_years                               INERT
  [ 4/56] bnf_potential                                INERT
  [ 5/56] cre_base                                     INERT
  [ 6/56] crop_price_usd_t                             INERT
  [ 7/56] eps_F_N                                      DECLARED_NOT_WIRED
  [ 8/56] cm2_per_ha                                   COVERED
  [ 9/56] alpha                                        UNTESTED
  [10/56] baseline_water_deficit                       UNTESTED
  [11/56] cn_bulk                                      UNTESTED
  [12/56] atm_n_deposition                             UNTESTED
  [13/56] cropland_mha                                 UNTESTED
  [14/56] cre_regional                                 UNTESTED
  [15/56] fert_reduction_target                        DECLARED_NOT_WIRED
  [16/56] eps_F_PF                                     COVERED
  [17/56] eps_F_PY                                     UNTESTED
  [18/56] eps_LD_PY                                    UNTESTED
  [19/56] eps_LD_PL                                    UNTESTED
  [20/56] eps_LS_PL                                    UNTESTED
  [21/56] eta                                          UNTESTED
  [22/56] faostat_yield_target                         UNTESTED
  [23/56] n_benchmark_usd_kg                           INERT
  [24/56] n_price_usd_kg_farmer_paid                   INERT
  [25/56] n_price_wedge                                INERT
  [26/56] pop_supported                                INERT
  [27/56] price_benchmark_max_factor                   INERT
  [28/56] g_per_t                                      COVERED
  [29/56] laub_tropical_ratios.k_passive_ratio         UNTESTED
  [30/56] laub_tropical_ratios.k_slow_ratio            UNTESTED
  [31/56] soc_profile_depth_cm                         GUARDED_AT_LOAD
  [32/56] pct_to_fraction                              COVERED
  [33/56] physical_feedback_strength                   UNTESTED
  [34/56] root_shoot_c_ratio                           UNTESTED
  [35/56] residue_retention                            UNTESTED
  [36/56] residue_c_to_active_fraction                 UNTESTED
  [37/56] soc_bulk_density                             COVERED
  [38/56] som_pool_cn.cn_active                        INERT
  [39/56] som_pool_cn.cn_passive                       INERT
  [40/56] som_pool_fractions.f_active                  GUARDED_AT_LOAD
  [41/56] som_pool_fractions.f_passive                 GUARDED_AT_LOAD
  [42/56] som_pool_fractions.f_slow                    GUARDED_AT_LOAD
  [43/56] soc_initial                                  UNTESTED
  [44/56] som_pool_cn.cn_slow                          INERT
  [45/56] texture_class                                INERT
  [46/56] urea_n_fraction                              INERT
  [47/56] som_decay_rates.k_active                     UNTESTED
  [48/56] som_decay_rates.k_passive                    UNTESTED
  [49/56] som_decay_rates.k_slow                       UNTESTED
  [50/56] yield_max_regional                           INERT
  [51/56] som_humification.h_active_to_slow            UNTESTED
  [52/56] som_humification.h_slow_to_passive           UNTESTED
  [53/56] yield_min_regional                           INERT
  [54/56] synth_n_current                              UNTESTED
  [55/56] whc_sensitivity                              UNTESTED
  [56/56] water_stress_coeff                           UNTESTED

MUTATION COVERAGE OVER THE PARAMETER REGISTRY (F-011)

leaves          56
delta           +10% relative, additive on a zero-valued leaf
published set   107 numeric fields of data/canonical_ERA5_y30.json
model state     267 numeric fields
elapsed         20.7 min

    COVERED                5
    UNTESTED              27
    DECLARED_NOT_WIRED     2
    GUARDED_AT_LOAD        6
    INERT                 16
    ------------------------
                          56

TESTS EXCLUDED FROM CATCH (already red on the unmutated tree)
    code/tests/test_wp1_registry_wiring.py  rc=1
    code/repro/test_cross_document_consistency_sol.py  rc=1
    code/repro/test_parameter_consistency_sol.py  rc=1
    code/repro/test_parameter_extremes_sol.py  rc=1

NOT PROBED. These are wired and move gross margins, prices or
cost shares, none of which the canonical artifact carries. Read
their INERT verdict as 'not probed', not as 'irrelevant'.
    crop_price_usd_t  (INERT)
    n_benchmark_usd_kg  (INERT)
    n_price_usd_kg_farmer_paid  (INERT)
    n_price_wedge  (INERT)
    price_benchmark_max_factor  (INERT)
    urea_n_fraction  (INERT)

UNTESTED -- a published number moves and nothing objects.
    alpha  (24 fields, worst regions[7].loss_yr30 0.0009491)
    atm_n_deposition  (43 fields, worst regions[6].buffer_ratio_pct 0.5)
    baseline_water_deficit  (32 fields, worst regions[6].water_deficit 1.5)
    cn_bulk  (43 fields, worst regions[4].buffer_ratio_pct 2.4)
    cre_regional  (43 fields, worst regions[6].buffer_ratio_pct 2.4)
    cropland_mha  (8 fields, worst regions[6].cropland_mha 23)
    eps_F_PY  (27 fields, worst regions[7].loss_yr30 0.02937)
    eps_LD_PL  (24 fields, worst regions[7].loss_yr30 0.0003445)
    eps_LD_PY  (24 fields, worst regions[7].loss_yr30 0.0009491)
    eps_LS_PL  (24 fields, worst regions[7].loss_yr30 0.0003356)
    eta  (34 fields, worst regions[6].eta 0.07)
    faostat_yield_target  (51 fields, worst regions[6].buffer_ratio_pct 2.4)
    laub_tropical_ratios.k_passive_ratio  (16 fields, worst regions[6].loss_yr30 0.000198)
    laub_tropical_ratios.k_slow_ratio  (16 fields, worst regions[6].loss_yr30 0.02627)
    physical_feedback_strength  (16 fields, worst regions[7].loss_yr30 0.002579)
    residue_c_to_active_fraction  (43 fields, worst regions[5].buffer_ratio_pct 0.7)
    residue_retention  (43 fields, worst regions[0].buffer_ratio_pct 1.3)
    root_shoot_c_ratio  (43 fields, worst regions[6].buffer_ratio_pct 1.5)
    soc_initial  (41 fields, worst regions[0].soc 5)
    som_decay_rates.k_active  (32 fields, worst regions[6].loss_yr10 0.02699)
    som_decay_rates.k_passive  (32 fields, worst regions[7].loss_yr30 0.002218)
    som_decay_rates.k_slow  (33 fields, worst regions[6].loss_yr30 0.02627)
    som_humification.h_active_to_slow  (43 fields, worst regions[5].buffer_ratio_pct 0.7)
    som_humification.h_slow_to_passive  (34 fields, worst regions[5].buffer_ratio_pct 0.1)
    synth_n_current  (51 fields, worst regions[2].synth_n 25)
    water_stress_coeff  (24 fields, worst regions[6].y_max 0.03278)
    whc_sensitivity  (16 fields, worst regions[7].loss_yr30 0.002579)

wrote /root/v15/results/mutation_coverage.csv
