code/tests/test_seam_contracts.py                         ok
code/tests/test_calibration_fingerprint.py                ok
code/tests/test_claims.py                                 ok
code/repro/test_parameter_boundaries_sol.py               ok
code/repro/test_dimensional_consistency_sol.py            ok
code/repro/test_zero_shock_invariance.py                  ok
code/repro/test_full_zero_shock_sol.py                    ok
code/repro/test_cap_market_clearing.py                    ok
code/repro/test_mc_robustness_sol.py                      ok
code/tests/test_benchmark_baseline.py                     ok
code/tests/test_spinup_partition_independence.py          ok
code/tests/test_wp1_registry_wiring.py                    ok
code/tests/test_soc_trajectories.py                       ok
code/tests/test_supply_state.py                           ok
code/repro/test_parameter_consistency_sol.py              ok
code/repro/test_cross_document_consistency_sol.py         ok
code/repro/test_repo_docs_consistency.py                  ok
code/repro/test_parameter_extremes_sol.py                 ok

FAIL  STALE parameter_extremes: output changed since stamp: outputs/parameter_extreme_acceptance_sol.csv

build graph: 1 defects
make: *** [Makefile:118: verify] Error 1
