========================================================================
CHECK 1 -- canonical diff
  123 fields compared, 0 numeric differences
========================================================================
CHECK 2 -- field-by-field equality over every regional field
  RegionParams: 152 fields over 8 regions, 0 moved
  SOMPoolParams            12 fields, 0 moved
  SOMPoolParams_tropical   12 fields, 0 moved
  FeedbackParams           8 fields, 0 moved
  FAOSTAT_TARGETS: 8 fields, 0 moved
  REGIONAL_ECON_PARAMS: 64 fields, 0 moved
========================================================================
CHECK 3 -- global S3 production-weighted yield loss
  year 1  2.31 %
  year 10 3.18 %
  year 30 3.29 %
  NOTE: the reconstruction base (git 20defb2, pre-F-002) produces
        2.31 / 3.18 / 3.29. The 2.32 / 3.03 recorded in HANDOFF section 5
        is post-recalibration and is WP2's acceptance target, not WP1's.
        WP1's requirement is that the rewiring moves nothing, which
        CHECK 1 is the test of.
========================================================================
CHECK 4 -- registry load-time contract
  entries 54, mutable leaves 56
  mc status: [('declared_fixed', 17), ('drawn', 8), ('exempt', 25), ('not_applicable', 4)]
  som_pool_fractions.f_active        refused at load
  som_pool_fractions.f_slow          refused at load
  som_pool_fractions.f_passive       refused at load
  cre_allocation.cre_to_active       refused at load
  cre_allocation.cre_to_slow         refused at load
  soc_profile_depth_cm               refused at load
========================================================================
WP1 PASSED -- the registry drives the model and no number moved.
